eeschema (2013-mar-25)-stable  >> Creation date: Thursday, March 06, 2014 'AMt' 12:00:50 AM
#Cmp ( order = Reference )
| C1         0.1uF       
| C2         4.7uF       
| C3         4.7UF       
| C4         47UF        
| C5         47UF        
| C6         47UF        
| C7         47UF        
| C8         47UF        
| C9         0.1UF       
| C10        0.1UF       
| C11        0.1UF       
| C12        0.1UF       
| C13        0.1UF       
| C14        1.0UF       
| C15        1.0UF       
| C16        1.0UF       
| C17        1.0UF       
| C18        8.2NF       
| C19        1.0UF       
| C20        8.2NF       
| C21        8.2NF       
| C22        8.2NF       
| C23        8.2NF       
| C24        22uF        
| C25        22uF        
| C26        22uF        
| C27        22uF        
| C28        22uF        
| C29        22uF        
| C30        22uF        
| C31        22uF        
| C32        22uF        
| C33        22uF        
| C34        8.2NF       
| C35        8.2NF       
| C36        1.0UF       
| C37        8.2NF       
| C38        1.0UF       
| C39        8.2NF       
| C40        8.2NF       
| C41        1.0UF       
| C42        1.0UF       
| C43        1.0UF       
| C44        0.1UF       
| C45        0.1UF       
| C46        0.1UF       
| C47        0.1UF       
| C48        0.1UF       
| C49        47UF        
| C50        47UF        
| C51        47UF        
| C52        47UF        
| C53        47UF        
| C54        0.1UF       
| C55        0.1UF       
| C56        0.1UF       
| C57        0.1UF       
| C58        0.1UF       
| C59        0.1UF       
| C60        0.1UF       
| C61        0.1UF       
| C62        22UF        
| C63        22UF        
| C64        0.1UF       
| C65        0.1UF       
| C66        0.1UF       
| C67        0.1UF       
| C68        0.1UF       
| C69        0.1UF       
| C70        0.1UF       
| C71        0.1UF       
| C72        22UF        
| C73        22UF        
| C74        0.1UF       
| C75        0.1UF       
| C76        0.1UF       
| C77        0.1UF       
| C78        0.1UF       
| C79        0.1UF       
| C80        0.1UF       
| C81        0.1UF       
| C82        22UF        
| C83        22UF        
| C84        0.1UF       
| C85        0.1UF       
| C86        0.1UF       
| C87        0.1UF       
| C88        0.1UF       
| C89        0.1UF       
| C90        0.1UF       
| C91        0.1UF       
| C92        22UF        
| C93        22UF        
| C94        0.1UF       
| C95        0.1UF       
| C96        0.1UF       
| C97        0.1UF       
| C98        0.1UF       
| C99        0.1UF       
| C100       0.1UF       
| C101       0.1UF       
| C102       22UF        
| C103       22UF        
| C104       0.1UF       
| C105       0.1UF       
| C106       0.1UF       
| C107       0.1UF       
| C108       0.1UF       
| C109       0.1UF       
| C110       0.1UF       
| C111       0.1UF       
| C112       22UF        
| C113       22UF        
| C114       0.1UF       
| C115       0.1UF       
| C116       0.1UF       
| C117       0.1UF       
| C118       0.1UF       
| C119       0.1UF       
| C120       0.1UF       
| C121       0.1UF       
| C122       22UF        
| C123       22UF        
| C124       0.1UF       
| C125       0.1UF       
| C126       0.1UF       
| C127       0.1UF       
| C128       0.1UF       
| C129       0.1UF       
| C130       0.1UF       
| C131       0.1UF       
| C132       22UF        
| C133       22UF        
| C134       0.1UF       
| C135       0.1UF       
| C136       0.1UF       
| C137       0.1UF       
| C138       0.1UF       
| C139       0.1UF       
| C140       0.1UF       
| C141       0.1UF       
| C142       22UF        
| C143       22UF        
| C144       0.1UF       
| C145       0.1UF       
| C146       0.1UF       
| C147       0.1UF       
| C148       0.1UF       
| C149       0.1UF       
| C150       0.1UF       
| C151       0.1UF       
| C152       22UF        
| C153       22UF        
| CN1        MINIUSB     
| D1         LED         
| D2         LED         
| J1         PCIEPWR     
| L1         1.5UH       
| L2         1.5UH       
| L3         1.5UH       
| L4         1.5UH       
| L5         1.5UH       
| L6         1.5UH       
| L7         1.5UH       
| L8         1.5UH       
| L9         1.5UH       
| L10        1.5UH       
| R1         1K          
| R2         1K          
| R3         1K          
| R4         1K          
| R5         2.94K       
| R6         22.1K       
| R7         2.94K       
| R8         22.1K       
| R9         2.94K       
| R10        22.1K       
| R11        2.94K       
| R12        22.1K       
| R13        2.94K       
| R14        22.1K       
| R15        10k         
| R16        10k         
| R17        10k         
| R18        10k         
| R19        10k         
| R20        10k         
| R21        10k         
| R22        10k         
| R23        10k         
| R24        10k         
| R25        2.94K       
| R26        22.1K       
| R27        2.94K       
| R28        22.1K       
| R29        2.94K       
| R30        22.1K       
| R31        2.94K       
| R32        22.1K       
| R33        2.94K       
| R34        22.1K       
| R35        1K          
| R36        1K          
| R37        1K          
| R38        1K          
| R39        1K          
| R40        1K          
| R41        1K          
| R42        1K          
| R43        1K          
| R44        1K          
| U1         MCP2210-SO  
| U2         TXB0104     
| U3         TLV70218    
| U4         TPS54327    
| U5         TPS54327    
| U6         TPS54327    
| U7         TPS54327    
| U8         TPS54327    
| U9         TPS54327    
| U10        TPS54327    
| U11        TPS54327    
| U12        TPS54327    
| U13        TPS54327    
| U14        BITFURY     
| U15        BITFURY     
| U16        BITFURY     
| U17        BITFURY     
| U18        BITFURY     
| U19        BITFURY     
| U20        BITFURY     
| U21        BITFURY     
| U22        BITFURY     
| U23        BITFURY     
| X1         QUARTZ-3P   
#End Cmp

#Cmp ( order = Value )
| 0.1uF        C1        
| 4.7uF        C2        
| 22uF         C24       
| 22uF         C25       
| 22uF         C26       
| 22uF         C27       
| 22uF         C28       
| 22uF         C29       
| 22uF         C30       
| 22uF         C31       
| 22uF         C32       
| 22uF         C33       
| 0.1UF        C9        
| 0.1UF        C10       
| 0.1UF        C11       
| 0.1UF        C12       
| 0.1UF        C13       
| 0.1UF        C44       
| 0.1UF        C45       
| 0.1UF        C46       
| 0.1UF        C47       
| 0.1UF        C48       
| 0.1UF        C54       
| 0.1UF        C55       
| 0.1UF        C56       
| 0.1UF        C57       
| 0.1UF        C58       
| 0.1UF        C59       
| 0.1UF        C60       
| 0.1UF        C61       
| 0.1UF        C64       
| 0.1UF        C65       
| 0.1UF        C66       
| 0.1UF        C67       
| 0.1UF        C68       
| 0.1UF        C69       
| 0.1UF        C70       
| 0.1UF        C71       
| 0.1UF        C74       
| 0.1UF        C75       
| 0.1UF        C76       
| 0.1UF        C77       
| 0.1UF        C78       
| 0.1UF        C79       
| 0.1UF        C80       
| 0.1UF        C81       
| 0.1UF        C84       
| 0.1UF        C85       
| 0.1UF        C86       
| 0.1UF        C87       
| 0.1UF        C88       
| 0.1UF        C89       
| 0.1UF        C90       
| 0.1UF        C91       
| 0.1UF        C94       
| 0.1UF        C95       
| 0.1UF        C96       
| 0.1UF        C97       
| 0.1UF        C98       
| 0.1UF        C99       
| 0.1UF        C100      
| 0.1UF        C101      
| 0.1UF        C104      
| 0.1UF        C105      
| 0.1UF        C106      
| 0.1UF        C107      
| 0.1UF        C108      
| 0.1UF        C109      
| 0.1UF        C110      
| 0.1UF        C111      
| 0.1UF        C114      
| 0.1UF        C115      
| 0.1UF        C116      
| 0.1UF        C117      
| 0.1UF        C118      
| 0.1UF        C119      
| 0.1UF        C120      
| 0.1UF        C121      
| 0.1UF        C124      
| 0.1UF        C125      
| 0.1UF        C126      
| 0.1UF        C127      
| 0.1UF        C128      
| 0.1UF        C129      
| 0.1UF        C130      
| 0.1UF        C131      
| 0.1UF        C134      
| 0.1UF        C135      
| 0.1UF        C136      
| 0.1UF        C137      
| 0.1UF        C138      
| 0.1UF        C139      
| 0.1UF        C140      
| 0.1UF        C141      
| 0.1UF        C144      
| 0.1UF        C145      
| 0.1UF        C146      
| 0.1UF        C147      
| 0.1UF        C148      
| 0.1UF        C149      
| 0.1UF        C150      
| 0.1UF        C151      
| 1.0UF        C14       
| 1.0UF        C15       
| 1.0UF        C16       
| 1.0UF        C17       
| 1.0UF        C19       
| 1.0UF        C36       
| 1.0UF        C38       
| 1.0UF        C41       
| 1.0UF        C42       
| 1.0UF        C43       
| 4.7UF        C3        
| 8.2NF        C18       
| 8.2NF        C20       
| 8.2NF        C21       
| 8.2NF        C22       
| 8.2NF        C23       
| 8.2NF        C34       
| 8.2NF        C35       
| 8.2NF        C37       
| 8.2NF        C39       
| 8.2NF        C40       
| 47UF         C4        
| 47UF         C5        
| 47UF         C6        
| 47UF         C7        
| 47UF         C8        
| 47UF         C49       
| 47UF         C50       
| 47UF         C51       
| 47UF         C52       
| 47UF         C53       
| 22UF         C62       
| 22UF         C63       
| 22UF         C72       
| 22UF         C73       
| 22UF         C82       
| 22UF         C83       
| 22UF         C92       
| 22UF         C93       
| 22UF         C102      
| 22UF         C103      
| 22UF         C112      
| 22UF         C113      
| 22UF         C122      
| 22UF         C123      
| 22UF         C132      
| 22UF         C133      
| 22UF         C142      
| 22UF         C143      
| 22UF         C152      
| 22UF         C153      
| MINIUSB      CN1       
| LED          D1        
| LED          D2        
| PCIEPWR      J1        
| 1.5UH        L1        
| 1.5UH        L2        
| 1.5UH        L3        
| 1.5UH        L4        
| 1.5UH        L5        
| 1.5UH        L6        
| 1.5UH        L7        
| 1.5UH        L8        
| 1.5UH        L9        
| 1.5UH        L10       
| 1K           R1        
| 1K           R2        
| 1K           R3        
| 1K           R4        
| 1K           R35       
| 1K           R36       
| 1K           R37       
| 1K           R38       
| 1K           R39       
| 1K           R40       
| 1K           R41       
| 1K           R42       
| 1K           R43       
| 1K           R44       
| 2.94K        R5        
| 2.94K        R7        
| 2.94K        R9        
| 2.94K        R11       
| 2.94K        R13       
| 2.94K        R25       
| 2.94K        R27       
| 2.94K        R29       
| 2.94K        R31       
| 2.94K        R33       
| 10k          R15       
| 10k          R16       
| 10k          R17       
| 10k          R18       
| 10k          R19       
| 10k          R20       
| 10k          R21       
| 10k          R22       
| 10k          R23       
| 10k          R24       
| 22.1K        R6        
| 22.1K        R8        
| 22.1K        R10       
| 22.1K        R12       
| 22.1K        R14       
| 22.1K        R26       
| 22.1K        R28       
| 22.1K        R30       
| 22.1K        R32       
| 22.1K        R34       
| TLV70218     U3        
| BITFURY      U14       
| BITFURY      U15       
| BITFURY      U16       
| BITFURY      U17       
| BITFURY      U18       
| BITFURY      U19       
| BITFURY      U20       
| BITFURY      U21       
| BITFURY      U22       
| BITFURY      U23       
| TXB0104      U2        
| MCP2210-SO   U1        
| TPS54327     U4        
| TPS54327     U5        
| TPS54327     U6        
| TPS54327     U7        
| TPS54327     U8        
| TPS54327     U9        
| TPS54327     U10       
| TPS54327     U11       
| TPS54327     U12       
| TPS54327     U13       
| QUARTZ-3P    X1        
#End Cmp

#End List
